<html>
<body>
<pre>
<h1>µVision Build Log</h1>
<h2>Project:</h2>
F:\Projects\Microprocessor-Doorlock\GPIO.uvproj
Project File Date:  05/15/2020

<h2>Output:</h2>
Rebuild target 'Target 1'
assembling startup_TM4C123.s...
compiling GPIO.c...
GPIO.h(43): warning:  #1-D: last line of file ends without a newline
  #endif
GPIO.c(398): warning:  #111-D: statement is unreachable
                return 0;
GPIO.c: 2 warnings, 0 errors
linking...
Program Size: Code=4748 RO-data=636 RW-data=0 ZI-data=608  
".\GPIO.axf" - 0 Error(s), 2 Warning(s).
Load "F:\\Projects\\Microprocessor-Doorlock\\GPIO.axf" 
Internal DLL Error
Error: Flash Download failed  -  Target DLL has been cancelled
</pre>
</body>
</html>
